// Jest Snapshot v1, https://goo.gl/fbAQLP

exports[`When rendered, Homepage matches snapshot 1`] = `
<DocumentFragment>
  <div
    class="Homepage"
  >
    <div
      class="OptionsGear"
    >
      <figure>
        <img
          alt="gear wheel"
          class="gearIcon"
          src="/gearIcon.png"
        />
        <figcaption>
          <a
            href="https://icons8.com/icon/qpThLj7vV2Sg/settings"
            rel="noreferrer"
            target="_blank"
          >
            Settings
          </a>
           icon by 
          <a
            href="https://icons8.com"
            rel="noreferrer"
            target="_blank"
          >
            Icons8
          </a>
        </figcaption>
      </figure>
    </div>
    <div>
      <h1
        class="Title"
      >
        WAR!
      </h1>
    </div>
    <div
      class="Login Btn"
    >
      <button>
        Sign in/Sign up
      </button>
    </div>
    <div
      class="PlayNow Btn"
    >
      <button>
        Play Now
      </button>
    </div>
    <div
      class="HowTo Btn"
    >
      <button>
        How to Play
      </button>
    </div>
    <footer>
      <a
        href="https://www.freepik.com/free-vector/background-seamless-pattern-vector-with-cute-memphis_15841841.htm#query=cute%20wallpaper&position=15&from_view=search"
      >
        Background image by rawpixel.com
      </a>
       on Freepik
    </footer>
  </div>
</DocumentFragment>
`;
